Picture 100 found Object 211 in Position(0,0)
Picture 101 found Object 211 in Position(0,0)
Picture 102 found Object 211 in Position(0,0)
Picture 103 found Object 211 in Position(0,0)
Picture 104 found Object 200 in Position(0,0)
Picture 105 found Object 202 in Position(0,0)
Picture 106 found Object 204 in Position(0,0)
Picture 107 found Object 206 in Position(0,0)
Picture 108 found Object 210 in Position(0,0)
Picture 109 No Objects were found
